
Running 27 tests using 4 workers

  ✓   1 [chromium] › tests/e2e/home.spec.ts:33:9 › Homepage SAA › Unauthenticated User › [TC ID-0] Unauthenticated user can access public homepage (801ms)
  ✓   3 [chromium] › tests/e2e/home.spec.ts:52:9 › Homepage SAA › Unauthenticated User › [TC ID-9] Navigation link 'About SAA 2025' active state (800ms)
  ✓   2 [chromium] › tests/e2e/home.spec.ts:43:9 › Homepage SAA › Unauthenticated User › [TC ID-8] Header logo position and alt text (824ms)
  ✓   4 [chromium] › tests/e2e/home.spec.ts:64:9 › Homepage SAA › Unauthenticated User › [TC ID-10] Language selector shows 'VN' by default (833ms)
  ✓   5 [chromium] › tests/e2e/home.spec.ts:74:9 › Homepage SAA › Unauthenticated User › [TC ID-1 anon variant] Anonymous user sees login link, no bell (609ms)
  ✓   6 [chromium] › tests/e2e/home.spec.ts:87:9 › Homepage SAA › Unauthenticated User › [TC ID-12, ID-13] Hero section with countdown timer and 'Coming soon' label (635ms)
  ✓   8 [chromium] › tests/e2e/home.spec.ts:148:9 › Homepage SAA › Unauthenticated User › [TC ID-14] Event information text visible (639ms)
  ✓   9 [chromium] › tests/e2e/home.spec.ts:164:9 › Homepage SAA › Unauthenticated User › [TC ID-44] CTA 'ABOUT AWARDS' link navigates to /awards (462ms)
  ✓  10 [chromium] › tests/e2e/home.spec.ts:174:9 › Homepage SAA › Unauthenticated User › [TC ID-45] CTA 'ABOUT KUDOS' link navigates to /kudos (455ms)
  ✓  11 [chromium] › tests/e2e/home.spec.ts:184:9 › Homepage SAA › Unauthenticated User › [TC ID-15] Award cards display in 3-column grid on desktop (≥1024px) (457ms)
  ✓  12 [chromium] › tests/e2e/home.spec.ts:222:9 › Homepage SAA › Unauthenticated User › [TC ID-16] Award cards display in 2-column grid on mobile (<768px) (483ms)
  ✓  13 [chromium] › tests/e2e/home.spec.ts:261:9 › Homepage SAA › Unauthenticated User › [TC ID-47, ID-48, ID-49, ID-50] Award cards link to /awards with proper slugs (493ms)
  ✓  14 [chromium] › tests/e2e/home.spec.ts:288:9 › Homepage SAA › Unauthenticated User › [TC ID-53] Kudos section with 'Chi tiết' link to /kudos (464ms)
  ✓   7 [chromium] › tests/e2e/home.spec.ts:116:9 › Homepage SAA › Unauthenticated User › [TC ID-24, ID-39] Countdown decreases by 1 minute after 1 minute passes (1.9s)
  ✓  16 [chromium] › tests/e2e/home.spec.ts:340:9 › Homepage SAA › Unauthenticated User › [TC ID-17] Footer content and links (610ms)
  ✓  18 [chromium] › tests/e2e/home.spec.ts:408:9 › Homepage SAA › Unauthenticated User › [TC ID-41, ID-42] Zero-state countdown when event time reached (663ms)
  ✓  15 [chromium] › tests/e2e/home.spec.ts:303:9 › Homepage SAA › Unauthenticated User › [TC ID-30, ID-31, ID-32, ID-33, ID-34, ID-35] Widget button menu keyboard and click behavior (1.3s)
  ✓  19 [chromium] › tests/e2e/home.spec.ts:437:9 › Homepage SAA › Unauthenticated User › [TC ID-2] Clicking header logo navigates to homepage and scrolls to top (778ms)
  ✓  17 [chromium] › tests/e2e/home.spec.ts:368:9 › Homepage SAA › Unauthenticated User › [TC ID-25, ID-26] Language switch to EN and back to VN (1.4s)
  ✓  20 [chromium] › tests/e2e/home.spec.ts:459:9 › Homepage SAA › Unauthenticated User › [TC ID-3] Clicking 'About SAA 2025' in header stays on homepage (542ms)
  ✓  21 [chromium] › tests/e2e/home.spec.ts:501:9 › Homepage SAA › Authenticated Member User › @auth [TC ID-1] Authenticated member user sees notification bell and account menu (994ms)
  ✓  23 [chromium] › tests/e2e/home.spec.ts:541:9 › Homepage SAA › Authenticated Member User › @auth [TC ID-36, ID-38] Account menu displays correct options for member user (971ms)
  ✓  22 [chromium] › tests/e2e/home.spec.ts:519:9 › Homepage SAA › Authenticated Member User › @auth [TC ID-29] Notification bell has no badge when no unread notifications (1.0s)
  ✓  26 [chromium] › tests/e2e/home.spec.ts:659:9 › Homepage SAA › Authentication Guards › [TC f62b0c97] Unauthenticated user accessing /login is not redirected (273ms)
  ✓  24 [chromium] › tests/e2e/home.spec.ts:572:9 › Homepage SAA › Authenticated Member User › @auth [TC ID-4] Logout button submits and redirects to /login (1.2s)
  ✓  27 [chromium] › tests/e2e/home.spec.ts:667:9 › Homepage SAA › Authentication Guards › @auth [TC f62b0c97 new] Authenticated user accessing /login redirects to / (576ms)
  ✓  25 [chromium] › tests/e2e/home.spec.ts:624:9 › Homepage SAA › Authenticated Admin User › @auth [TC ID-5, ID-37] Account menu displays admin dashboard option for admin user (951ms)

  27 passed (6.6s)
