
> agentic-coding-hands-on@0.2.0 test:e2e /Users/dang.xuan.thang/Desktop/learnings/mock-project/agentic-coding-hands-on
> playwright test


Running 57 tests using 4 workers

[WebServer] [browser] Image with src "/home/Top_Project.png" has either width or height modified, but not the other. If you use CSS to change the size of your image, also include the styles 'width: "auto"' or 'height: "auto"' to maintain the aspect ratio.
[WebServer] [browser] Image with src "/home/Best_Manager.png" has either width or height modified, but not the other. If you use CSS to change the size of your image, also include the styles 'width: "auto"' or 'height: "auto"' to maintain the aspect ratio.
[WebServer] [browser] Image with src "/home/Top_Project.png" has either width or height modified, but not the other. If you use CSS to change the size of your image, also include the styles 'width: "auto"' or 'height: "auto"' to maintain the aspect ratio.
[WebServer] [browser] Image with src "/home/Best_Manager.png" has either width or height modified, but not the other. If you use CSS to change the size of your image, also include the styles 'width: "auto"' or 'height: "auto"' to maintain the aspect ratio.
[WebServer] [browser] Image with src "/home/Top_Project.png" has either width or height modified, but not the other. If you use CSS to change the size of your image, also include the styles 'width: "auto"' or 'height: "auto"' to maintain the aspect ratio.
[WebServer] [browser] Image with src "/home/Best_Manager.png" has either width or height modified, but not the other. If you use CSS to change the size of your image, also include the styles 'width: "auto"' or 'height: "auto"' to maintain the aspect ratio.
[WebServer] [browser] Image with src "/home/Top_Project.png" has either width or height modified, but not the other. If you use CSS to change the size of your image, also include the styles 'width: "auto"' or 'height: "auto"' to maintain the aspect ratio.
[WebServer] [browser] Image with src "/home/Best_Manager.png" has either width or height modified, but not the other. If you use CSS to change the size of your image, also include the styles 'width: "auto"' or 'height: "auto"' to maintain the aspect ratio.
  ✓   1 [chromium] › tests/e2e/home.spec.ts:52:9 › Homepage SAA › Unauthenticated User › [TC ID-9] Navigation link 'About SAA 2025' active state (810ms)
  ✓   3 [chromium] › tests/e2e/home.spec.ts:33:9 › Homepage SAA › Unauthenticated User › [TC ID-0] Unauthenticated user can access public homepage (818ms)
  ✓   4 [chromium] › tests/e2e/home.spec.ts:64:9 › Homepage SAA › Unauthenticated User › [TC ID-10] Language selector shows 'VN' by default (829ms)
  ✓   2 [chromium] › tests/e2e/home.spec.ts:43:9 › Homepage SAA › Unauthenticated User › [TC ID-8] Header logo position and alt text (853ms)
[WebServer] [browser] Image with src "/home/Top_Project.png" has either width or height modified, but not the other. If you use CSS to change the size of your image, also include the styles 'width: "auto"' or 'height: "auto"' to maintain the aspect ratio.
[WebServer] [browser] Image with src "/home/Best_Manager.png" has either width or height modified, but not the other. If you use CSS to change the size of your image, also include the styles 'width: "auto"' or 'height: "auto"' to maintain the aspect ratio.
[WebServer] [browser] Image with src "/home/Top_Project.png" has either width or height modified, but not the other. If you use CSS to change the size of your image, also include the styles 'width: "auto"' or 'height: "auto"' to maintain the aspect ratio.
[WebServer] [browser] Image with src "/home/Best_Manager.png" has either width or height modified, but not the other. If you use CSS to change the size of your image, also include the styles 'width: "auto"' or 'height: "auto"' to maintain the aspect ratio.
[WebServer] [browser] Image with src "/home/Top_Project.png" has either width or height modified, but not the other. If you use CSS to change the size of your image, also include the styles 'width: "auto"' or 'height: "auto"' to maintain the aspect ratio.
[WebServer] [browser] Image with src "/home/Best_Manager.png" has either width or height modified, but not the other. If you use CSS to change the size of your image, also include the styles 'width: "auto"' or 'height: "auto"' to maintain the aspect ratio.
  ✓   5 [chromium] › tests/e2e/home.spec.ts:74:9 › Homepage SAA › Unauthenticated User › [TC ID-1 anon variant] Anonymous user sees login link, no bell (683ms)
  ✓   8 [chromium] › tests/e2e/home.spec.ts:152:9 › Homepage SAA › Unauthenticated User › [TC ID-14] Event information text visible (669ms)
[WebServer] [browser] Image with src "/home/Top_Project.png" has either width or height modified, but not the other. If you use CSS to change the size of your image, also include the styles 'width: "auto"' or 'height: "auto"' to maintain the aspect ratio.
[WebServer] [browser] Image with src "/home/Best_Manager.png" has either width or height modified, but not the other. If you use CSS to change the size of your image, also include the styles 'width: "auto"' or 'height: "auto"' to maintain the aspect ratio.
  ✓   6 [chromium] › tests/e2e/home.spec.ts:87:9 › Homepage SAA › Unauthenticated User › [TC ID-12, ID-13] Hero section with countdown timer and 'Coming soon' label (708ms)
  ✓   7 [chromium] › tests/e2e/home.spec.ts:116:9 › Homepage SAA › Unauthenticated User › [TC ID-24, ID-39] Countdown decreases by 1 minute after 1 minute passes (738ms)
[WebServer] [browser] Image with src "/home/Top_Project.png" has either width or height modified, but not the other. If you use CSS to change the size of your image, also include the styles 'width: "auto"' or 'height: "auto"' to maintain the aspect ratio.
[WebServer] [browser] Image with src "/home/Best_Manager.png" has either width or height modified, but not the other. If you use CSS to change the size of your image, also include the styles 'width: "auto"' or 'height: "auto"' to maintain the aspect ratio.
[WebServer] [browser] Image with src "/home/Top_Project.png" has either width or height modified, but not the other. If you use CSS to change the size of your image, also include the styles 'width: "auto"' or 'height: "auto"' to maintain the aspect ratio.
[WebServer] [browser] Image with src "/home/Best_Manager.png" has either width or height modified, but not the other. If you use CSS to change the size of your image, also include the styles 'width: "auto"' or 'height: "auto"' to maintain the aspect ratio.
[WebServer] [browser] Image with src "/home/Top_Project.png" has either width or height modified, but not the other. If you use CSS to change the size of your image, also include the styles 'width: "auto"' or 'height: "auto"' to maintain the aspect ratio.
[WebServer] [browser] Image with src "/home/Best_Manager.png" has either width or height modified, but not the other. If you use CSS to change the size of your image, also include the styles 'width: "auto"' or 'height: "auto"' to maintain the aspect ratio.
  ✓   9 [chromium] › tests/e2e/home.spec.ts:168:9 › Homepage SAA › Unauthenticated User › [TC ID-44] CTA 'ABOUT AWARDS' link navigates to /awards (583ms)
  ✓  10 [chromium] › tests/e2e/home.spec.ts:178:9 › Homepage SAA › Unauthenticated User › [TC ID-45] CTA 'ABOUT KUDOS' link navigates to /kudos (592ms)
  ✓  11 [chromium] › tests/e2e/home.spec.ts:188:9 › Homepage SAA › Unauthenticated User › [TC ID-15] Award cards display in 3-column grid on desktop (≥1024px) (597ms)
  ✓  12 [chromium] › tests/e2e/home.spec.ts:226:9 › Homepage SAA › Unauthenticated User › [TC ID-16] Award cards display in 2-column grid on mobile (<768px) (574ms)
[WebServer] [browser] Image with src "/home/Top_Project.png" has either width or height modified, but not the other. If you use CSS to change the size of your image, also include the styles 'width: "auto"' or 'height: "auto"' to maintain the aspect ratio.
[WebServer] [browser] Image with src "/home/Best_Manager.png" has either width or height modified, but not the other. If you use CSS to change the size of your image, also include the styles 'width: "auto"' or 'height: "auto"' to maintain the aspect ratio.
[WebServer] [browser] Image with src "/home/Top_Project.png" has either width or height modified, but not the other. If you use CSS to change the size of your image, also include the styles 'width: "auto"' or 'height: "auto"' to maintain the aspect ratio.
[WebServer] [browser] Image with src "/home/Best_Manager.png" has either width or height modified, but not the other. If you use CSS to change the size of your image, also include the styles 'width: "auto"' or 'height: "auto"' to maintain the aspect ratio.
[WebServer] [browser] Image with src "/home/Top_Project.png" has either width or height modified, but not the other. If you use CSS to change the size of your image, also include the styles 'width: "auto"' or 'height: "auto"' to maintain the aspect ratio.
[WebServer] [browser] Image with src "/home/Best_Manager.png" has either width or height modified, but not the other. If you use CSS to change the size of your image, also include the styles 'width: "auto"' or 'height: "auto"' to maintain the aspect ratio.
[WebServer] [browser] Image with src "/home/Top_Project.png" has either width or height modified, but not the other. If you use CSS to change the size of your image, also include the styles 'width: "auto"' or 'height: "auto"' to maintain the aspect ratio.
[WebServer] [browser] Image with src "/home/Best_Manager.png" has either width or height modified, but not the other. If you use CSS to change the size of your image, also include the styles 'width: "auto"' or 'height: "auto"' to maintain the aspect ratio.
  ✓  13 [chromium] › tests/e2e/home.spec.ts:265:9 › Homepage SAA › Unauthenticated User › [TC ID-47, ID-48, ID-49, ID-50] Award cards link to /awards with proper slugs (769ms)
  ✓  14 [chromium] › tests/e2e/home.spec.ts:292:9 › Homepage SAA › Unauthenticated User › [TC ID-53] Kudos section with 'Chi tiết' link to /kudos (771ms)
  ✓  16 [chromium] › tests/e2e/home.spec.ts:344:9 › Homepage SAA › Unauthenticated User › [TC ID-17] Footer content and links (784ms)
[WebServer] [browser] Image with src "/home/Top_Project.png" has either width or height modified, but not the other. If you use CSS to change the size of your image, also include the styles 'width: "auto"' or 'height: "auto"' to maintain the aspect ratio.
[WebServer] [browser] Image with src "/home/Best_Manager.png" has either width or height modified, but not the other. If you use CSS to change the size of your image, also include the styles 'width: "auto"' or 'height: "auto"' to maintain the aspect ratio.
[WebServer] [browser] Image with src "/home/Top_Project.png" has either width or height modified, but not the other. If you use CSS to change the size of your image, also include the styles 'width: "auto"' or 'height: "auto"' to maintain the aspect ratio.
[WebServer] [browser] Image with src "/home/Best_Manager.png" has either width or height modified, but not the other. If you use CSS to change the size of your image, also include the styles 'width: "auto"' or 'height: "auto"' to maintain the aspect ratio.
  ✓  18 [chromium] › tests/e2e/home.spec.ts:412:9 › Homepage SAA › Unauthenticated User › [TC ID-41, ID-42] Zero-state countdown when event time reached (485ms)
  ✓  15 [chromium] › tests/e2e/home.spec.ts:307:9 › Homepage SAA › Unauthenticated User › [TC ID-30, ID-31, ID-32, ID-33, ID-34, ID-35] Widget button menu keyboard and click behavior (1.5s)
[WebServer] [browser] Image with src "/home/Top_Project.png" has either width or height modified, but not the other. If you use CSS to change the size of your image, also include the styles 'width: "auto"' or 'height: "auto"' to maintain the aspect ratio.
[WebServer] [browser] Image with src "/home/Best_Manager.png" has either width or height modified, but not the other. If you use CSS to change the size of your image, also include the styles 'width: "auto"' or 'height: "auto"' to maintain the aspect ratio.
  ✓  20 [chromium] › tests/e2e/home.spec.ts:463:9 › Homepage SAA › Unauthenticated User › [TC ID-3] Clicking 'About SAA 2025' in header stays on homepage (754ms)
[WebServer] [browser] Image with src "/home/Top_Project.png" has either width or height modified, but not the other. If you use CSS to change the size of your image, also include the styles 'width: "auto"' or 'height: "auto"' to maintain the aspect ratio.
[WebServer] [browser] Image with src "/home/Best_Manager.png" has either width or height modified, but not the other. If you use CSS to change the size of your image, also include the styles 'width: "auto"' or 'height: "auto"' to maintain the aspect ratio.
  ✓  17 [chromium] › tests/e2e/home.spec.ts:372:9 › Homepage SAA › Unauthenticated User › [TC ID-25, ID-26] Language switch to EN and back to VN (1.4s)
  ✓  19 [chromium] › tests/e2e/home.spec.ts:441:9 › Homepage SAA › Unauthenticated User › [TC ID-2] Clicking header logo navigates to homepage and scrolls to top (1.4s)
[WebServer] [browser] Image with src "/home/Top_Project.png" has either width or height modified, but not the other. If you use CSS to change the size of your image, also include the styles 'width: "auto"' or 'height: "auto"' to maintain the aspect ratio.
[WebServer] [browser] Image with src "/home/Best_Manager.png" has either width or height modified, but not the other. If you use CSS to change the size of your image, also include the styles 'width: "auto"' or 'height: "auto"' to maintain the aspect ratio.
  ✓  21 [chromium] › tests/e2e/home.spec.ts:505:9 › Homepage SAA › Authenticated Member User › @auth [TC ID-1] Authenticated member user sees notification bell and account menu (1.0s)
[WebServer] [browser] Image with src "/home/Top_Project.png" has either width or height modified, but not the other. If you use CSS to change the size of your image, also include the styles 'width: "auto"' or 'height: "auto"' to maintain the aspect ratio.
[WebServer] [browser] Image with src "/home/Best_Manager.png" has either width or height modified, but not the other. If you use CSS to change the size of your image, also include the styles 'width: "auto"' or 'height: "auto"' to maintain the aspect ratio.
[WebServer] [browser] Image with src "/home/Top_Project.png" has either width or height modified, but not the other. If you use CSS to change the size of your image, also include the styles 'width: "auto"' or 'height: "auto"' to maintain the aspect ratio.
[WebServer] [browser] Image with src "/home/Best_Manager.png" has either width or height modified, but not the other. If you use CSS to change the size of your image, also include the styles 'width: "auto"' or 'height: "auto"' to maintain the aspect ratio.
  ✓  22 [chromium] › tests/e2e/home.spec.ts:523:9 › Homepage SAA › Authenticated Member User › @auth [TC ID-29] Notification bell has no badge when no unread notifications (1.1s)
[WebServer] [browser] Image with src "/home/Top_Project.png" has either width or height modified, but not the other. If you use CSS to change the size of your image, also include the styles 'width: "auto"' or 'height: "auto"' to maintain the aspect ratio.
[WebServer] [browser] Image with src "/home/Best_Manager.png" has either width or height modified, but not the other. If you use CSS to change the size of your image, also include the styles 'width: "auto"' or 'height: "auto"' to maintain the aspect ratio.
  ✓  23 [chromium] › tests/e2e/home.spec.ts:545:9 › Homepage SAA › Authenticated Member User › @auth [TC ID-36, ID-38] Account menu displays correct options for member user (1.1s)
  ✓  26 [chromium] › tests/e2e/home.spec.ts:663:9 › Homepage SAA › Authentication Guards › [TC f62b0c97] Unauthenticated user accessing /login is not redirected (406ms)
  ✓  24 [chromium] › tests/e2e/home.spec.ts:576:9 › Homepage SAA › Authenticated Member User › @auth [TC ID-4] Logout button submits and redirects to /login (1.4s)
[WebServer] [browser] Image with src "/home/Top_Project.png" has either width or height modified, but not the other. If you use CSS to change the size of your image, also include the styles 'width: "auto"' or 'height: "auto"' to maintain the aspect ratio.
[WebServer] [browser] Image with src "/home/Best_Manager.png" has either width or height modified, but not the other. If you use CSS to change the size of your image, also include the styles 'width: "auto"' or 'height: "auto"' to maintain the aspect ratio.
[WebServer] [browser] Image with src "/home/Top_Project.png" has either width or height modified, but not the other. If you use CSS to change the size of your image, also include the styles 'width: "auto"' or 'height: "auto"' to maintain the aspect ratio.
[WebServer] [browser] Image with src "/home/Best_Manager.png" has either width or height modified, but not the other. If you use CSS to change the size of your image, also include the styles 'width: "auto"' or 'height: "auto"' to maintain the aspect ratio.
  ✓  27 [chromium] › tests/e2e/home.spec.ts:671:9 › Homepage SAA › Authentication Guards › @auth [TC f62b0c97 new] Authenticated user accessing /login redirects to / (1.1s)
  ✓  29 [chromium] › tests/e2e/login.spec.ts:63:9 › Login Screen › Unauthenticated › [TC 8415b629] Language selector top-right (707ms)
  ✓  28 [chromium] › tests/e2e/login.spec.ts:49:9 › Login Screen › Unauthenticated › [TC b9805e65] Logo top-left position (726ms)
  ✓  25 [chromium] › tests/e2e/home.spec.ts:628:9 › Homepage SAA › Authenticated Admin User › @auth [TC ID-5, ID-37] Account menu displays admin dashboard option for admin user (1.8s)
  ✓  31 [chromium] › tests/e2e/login.spec.ts:105:9 › Login Screen › Unauthenticated › [TC 42b82364] Hero title and description text (543ms)
  ✓  32 [chromium] › tests/e2e/login.spec.ts:115:9 › Login Screen › Unauthenticated › [TC 6ae76d15] LOGIN With Google button (552ms)
  ✓  30 [chromium] › tests/e2e/login.spec.ts:78:9 › Login Screen › Unauthenticated › [TC 5fbe2a18] Hero artwork presence (598ms)
  ✓  33 [chromium] › tests/e2e/login.spec.ts:122:9 › Login Screen › Unauthenticated › [TC 33a1dacf] Footer fixed bottom position (527ms)
  ✓  36 [chromium] › tests/e2e/login.spec.ts:162:9 › Login Screen › Unauthenticated › [TC 45278c06] Unauthenticated GET /todo redirects to /login (635ms)
  ✓  35 [chromium] › tests/e2e/login.spec.ts:150:9 › Login Screen › Unauthenticated › [TC 45278c06] Error alert on /login?error=* (686ms)
[WebServer] [browser] Image with src "/home/Top_Project.png" has either width or height modified, but not the other. If you use CSS to change the size of your image, also include the styles 'width: "auto"' or 'height: "auto"' to maintain the aspect ratio.
[WebServer] [browser] Image with src "/home/Best_Manager.png" has either width or height modified, but not the other. If you use CSS to change the size of your image, also include the styles 'width: "auto"' or 'height: "auto"' to maintain the aspect ratio.
  ✓  37 [chromium] › tests/e2e/login.spec.ts:170:9 › Login Screen › Unauthenticated › [TC 45278c06] GET / renders the public homepage (no redirect) (627ms)
  ✓  34 [chromium] › tests/e2e/login.spec.ts:132:9 › Login Screen › Unauthenticated › [TC 20d87e28] Language dropdown opens on click (732ms)
  ✓  40 [chromium] › tests/e2e/login.spec.ts:281:9 › Login Screen › Unauthenticated › [ROUTE001] GET /auth/callback?error=access_denied redirects to /login?error=access_denied (592ms)
  ✓  41 [chromium] › tests/e2e/login.spec.ts:294:9 › Login Screen › Unauthenticated › [ROUTE001] GET /auth/callback (no code, no error) redirects to /login?error=auth_code_error (577ms)
  ✓  38 [chromium] › tests/e2e/login.spec.ts:202:9 › Login Screen › Unauthenticated › [TC 37eae882] Button disabled during authentication (713ms)
  ✓  39 [chromium] › tests/e2e/login.spec.ts:180:9 › Login Screen › Unauthenticated › [TC 60bc5bbb] Google button triggers OAuth flow (abort) (728ms)
  ✓  42 [chromium] › tests/e2e/login.spec.ts:308:9 › Login Screen › Unauthenticated › [PERM004] GET /auth/callback?next=https://evil.com stays within origin (672ms)
  ✓  43 [chromium] › tests/e2e/login.spec.ts:324:9 › Login Screen › Unauthenticated › [ROUTE001] GET /auth/callback?code=<unusable> falls back to /login?error=auth_code_error (668ms)
  ✓  44 [chromium] › tests/e2e/login.spec.ts:351:11 › Login Screen › Unauthenticated › Language selector keyboard navigation (ARIA APG) › [KB a1f8c2d1] ArrowDown on trigger opens menu and focuses first item (673ms)
  ✓  45 [chromium] › tests/e2e/login.spec.ts:376:11 › Login Screen › Unauthenticated › Language selector keyboard navigation (ARIA APG) › [KB c4e7d9f2] ArrowUp on trigger opens menu and focuses last item (666ms)
  ✓  46 [chromium] › tests/e2e/login.spec.ts:401:11 › Login Screen › Unauthenticated › Language selector keyboard navigation (ARIA APG) › [KB f7b2a4e8] ArrowDown wraps from last to first item in menu (792ms)
  ✓  47 [chromium] › tests/e2e/login.spec.ts:424:11 › Login Screen › Unauthenticated › Language selector keyboard navigation (ARIA APG) › [KB e3c9b1a5] ArrowUp wraps from first to last item in menu (783ms)
  ✓  48 [chromium] › tests/e2e/login.spec.ts:447:11 › Login Screen › Unauthenticated › Language selector keyboard navigation (ARIA APG) › [KB d6f1c3b9] Home key jumps to first item in menu (713ms)
  ✓  49 [chromium] › tests/e2e/login.spec.ts:470:11 › Login Screen › Unauthenticated › Language selector keyboard navigation (ARIA APG) › [KB b8e2d7a4] End key jumps to last item in menu (737ms)
  -  53 [chromium] › tests/e2e/login.spec.ts:582:9 › Login Screen › Supabase unavailable › [PERM002 fail-open] GET /login renders form even when Supabase is unreachable
  -  54 [chromium] › tests/e2e/login.spec.ts:610:9 › Login Screen › Supabase unavailable › [PERM003 fail-closed] GET /todo does not render todo content when Supabase is unreachable
  ✓  51 [chromium] › tests/e2e/login.spec.ts:493:11 › Login Screen › Unauthenticated › Language selector keyboard navigation (ARIA APG) › [KB c5a9f2d3] Escape closes menu and returns focus to trigger (517ms)
  ✓  52 [chromium] › tests/e2e/login.spec.ts:518:11 › Login Screen › Unauthenticated › Language selector keyboard navigation (ARIA APG) › [KB a2d8e6f1] Tab closes menu without returning focus to trigger (513ms)
  ✓  50 [chromium] › tests/e2e/login.spec.ts:543:11 › Login Screen › Unauthenticated › Language selector keyboard navigation (ARIA APG) › [REG 2026-09-05] Focus resets to first item on mouse open after keyboard navigation (568ms)
  ✓  55 [chromium] › tests/e2e/login.spec.ts:668:9 › Login Screen › Authenticated › [TC f62b0c97] Authenticated user redirects /login to / @auth (767ms)
  ✓  56 [chromium] › tests/e2e/login.spec.ts:677:9 › Login Screen › Authenticated › [TC e76aa170] /todo shows user email and logout button @auth (559ms)
  ✓  57 [chromium] › tests/e2e/login.spec.ts:689:9 › Login Screen › Authenticated › [US003, BL002 signOut] Click logout button, verify redirect to /login, re-check guard blocks /todo @auth (814ms)

  2 skipped
  55 passed (14.0s)
