
> agentic-coding-hands-on@0.2.0 test:e2e /Users/dang.xuan.thang/Desktop/learnings/mock-project/agentic-coding-hands-on
> playwright test


Running 57 tests using 4 workers

  ✓   3 [chromium] › tests/e2e/home.spec.ts:52:9 › Homepage SAA › Unauthenticated User › [TC ID-9] Navigation link 'About SAA 2025' active state (1.2s)
  ✓   1 [chromium] › tests/e2e/home.spec.ts:64:9 › Homepage SAA › Unauthenticated User › [TC ID-10] Language selector shows 'VN' by default (1.2s)
  ✓   4 [chromium] › tests/e2e/home.spec.ts:33:9 › Homepage SAA › Unauthenticated User › [TC ID-0] Unauthenticated user can access public homepage (1.2s)
  ✓   2 [chromium] › tests/e2e/home.spec.ts:43:9 › Homepage SAA › Unauthenticated User › [TC ID-8] Header logo position and alt text (1.2s)
  ✓   5 [chromium] › tests/e2e/home.spec.ts:74:9 › Homepage SAA › Unauthenticated User › [TC ID-1 anon variant] Anonymous user sees login link, no bell (956ms)
  ✓   8 [chromium] › tests/e2e/home.spec.ts:148:9 › Homepage SAA › Unauthenticated User › [TC ID-14] Event information text visible (977ms)
  ✓   6 [chromium] › tests/e2e/home.spec.ts:87:9 › Homepage SAA › Unauthenticated User › [TC ID-12, ID-13] Hero section with countdown timer and 'Coming soon' label (1.0s)
  ✓   9 [chromium] › tests/e2e/home.spec.ts:164:9 › Homepage SAA › Unauthenticated User › [TC ID-44] CTA 'ABOUT AWARDS' link navigates to /awards (688ms)
  ✓  10 [chromium] › tests/e2e/home.spec.ts:174:9 › Homepage SAA › Unauthenticated User › [TC ID-45] CTA 'ABOUT KUDOS' link navigates to /kudos (697ms)
  ✓  11 [chromium] › tests/e2e/home.spec.ts:184:9 › Homepage SAA › Unauthenticated User › [TC ID-15] Award cards display in 3-column grid on desktop (≥1024px) (681ms)
  ✓  12 [chromium] › tests/e2e/home.spec.ts:222:9 › Homepage SAA › Unauthenticated User › [TC ID-16] Award cards display in 2-column grid on mobile (<768px) (706ms)
  ✓  13 [chromium] › tests/e2e/home.spec.ts:261:9 › Homepage SAA › Unauthenticated User › [TC ID-47, ID-48, ID-49, ID-50] Award cards link to /awards with proper slugs (660ms)
  ✓  14 [chromium] › tests/e2e/home.spec.ts:288:9 › Homepage SAA › Unauthenticated User › [TC ID-53] Kudos section with 'Chi tiết' link to /kudos (639ms)
  ✓   7 [chromium] › tests/e2e/home.spec.ts:116:9 › Homepage SAA › Unauthenticated User › [TC ID-24, ID-39] Countdown decreases by 1 minute after 1 minute passes (2.5s)
  ✓  16 [chromium] › tests/e2e/home.spec.ts:340:9 › Homepage SAA › Unauthenticated User › [TC ID-17] Footer content and links (866ms)
  ✓  15 [chromium] › tests/e2e/home.spec.ts:303:9 › Homepage SAA › Unauthenticated User › [TC ID-30, ID-31, ID-32, ID-33, ID-34, ID-35] Widget button menu keyboard and click behavior (1.7s)
  ✓  18 [chromium] › tests/e2e/home.spec.ts:408:9 › Homepage SAA › Unauthenticated User › [TC ID-41, ID-42] Zero-state countdown when event time reached (1.5s)
  ✓  17 [chromium] › tests/e2e/home.spec.ts:368:9 › Homepage SAA › Unauthenticated User › [TC ID-25, ID-26] Language switch to EN and back to VN (3.3s)
  ✓  20 [chromium] › tests/e2e/home.spec.ts:459:9 › Homepage SAA › Unauthenticated User › [TC ID-3] Clicking 'About SAA 2025' in header stays on homepage (1.7s)
  ✓  19 [chromium] › tests/e2e/home.spec.ts:437:9 › Homepage SAA › Unauthenticated User › [TC ID-2] Clicking header logo navigates to homepage and scrolls to top (2.2s)
  ✓  21 [chromium] › tests/e2e/home.spec.ts:501:9 › Homepage SAA › Authenticated Member User › @auth [TC ID-1] Authenticated member user sees notification bell and account menu (2.1s)
  ✓  22 [chromium] › tests/e2e/home.spec.ts:519:9 › Homepage SAA › Authenticated Member User › @auth [TC ID-29] Notification bell has no badge when no unread notifications (943ms)
  ✓  23 [chromium] › tests/e2e/home.spec.ts:541:9 › Homepage SAA › Authenticated Member User › @auth [TC ID-36, ID-38] Account menu displays correct options for member user (968ms)
  ✓  26 [chromium] › tests/e2e/home.spec.ts:659:9 › Homepage SAA › Authentication Guards › [TC f62b0c97] Unauthenticated user accessing /login is not redirected (405ms)
  ✓  28 [chromium] › tests/e2e/login.spec.ts:49:9 › Login Screen › Unauthenticated › [TC b9805e65] Logo top-left position (323ms)
  ✓  27 [chromium] › tests/e2e/home.spec.ts:667:9 › Homepage SAA › Authentication Guards › @auth [TC f62b0c97 new] Authenticated user accessing /login redirects to / (737ms)
  ✓  24 [chromium] › tests/e2e/home.spec.ts:572:9 › Homepage SAA › Authenticated Member User › @auth [TC ID-4] Logout button submits and redirects to /login (1.4s)
  ✓  29 [chromium] › tests/e2e/login.spec.ts:63:9 › Login Screen › Unauthenticated › [TC 8415b629] Language selector top-right (327ms)
  ✓  31 [chromium] › tests/e2e/login.spec.ts:105:9 › Login Screen › Unauthenticated › [TC 42b82364] Hero title and description text (480ms)
  ✓  32 [chromium] › tests/e2e/login.spec.ts:115:9 › Login Screen › Unauthenticated › [TC 6ae76d15] LOGIN With Google button (457ms)
  ✓  30 [chromium] › tests/e2e/login.spec.ts:78:9 › Login Screen › Unauthenticated › [TC 5fbe2a18] Hero artwork presence (651ms)
  ✓  33 [chromium] › tests/e2e/login.spec.ts:122:9 › Login Screen › Unauthenticated › [TC 33a1dacf] Footer fixed bottom position (590ms)
  ✓  35 [chromium] › tests/e2e/login.spec.ts:150:9 › Login Screen › Unauthenticated › [TC 45278c06] Error alert on /login?error=* (554ms)
  ✓  34 [chromium] › tests/e2e/login.spec.ts:132:9 › Login Screen › Unauthenticated › [TC 20d87e28] Language dropdown opens on click (595ms)
  ✓  25 [chromium] › tests/e2e/home.spec.ts:624:9 › Homepage SAA › Authenticated Admin User › @auth [TC ID-5, ID-37] Account menu displays admin dashboard option for admin user (2.7s)
  ✓  36 [chromium] › tests/e2e/login.spec.ts:162:9 › Login Screen › Unauthenticated › [TC 45278c06] Unauthenticated GET /todo redirects to /login (762ms)
  ✓  37 [chromium] › tests/e2e/login.spec.ts:170:9 › Login Screen › Unauthenticated › [TC 45278c06] GET / renders the public homepage (no redirect) (694ms)
  ✓  38 [chromium] › tests/e2e/login.spec.ts:180:9 › Login Screen › Unauthenticated › [TC 60bc5bbb] Google button triggers OAuth flow (abort) (809ms)
  ✓  39 [chromium] › tests/e2e/login.spec.ts:202:9 › Login Screen › Unauthenticated › [TC 37eae882] Button disabled during authentication (920ms)
  ✓  40 [chromium] › tests/e2e/login.spec.ts:281:9 › Login Screen › Unauthenticated › [ROUTE001] GET /auth/callback?error=access_denied redirects to /login?error=access_denied (678ms)
  ✓  41 [chromium] › tests/e2e/login.spec.ts:294:9 › Login Screen › Unauthenticated › [ROUTE001] GET /auth/callback (no code, no error) redirects to /login?error=auth_code_error (658ms)
  ✓  42 [chromium] › tests/e2e/login.spec.ts:308:9 › Login Screen › Unauthenticated › [PERM004] GET /auth/callback?next=https://evil.com stays within origin (552ms)
  ✓  43 [chromium] › tests/e2e/login.spec.ts:324:9 › Login Screen › Unauthenticated › [ROUTE001] GET /auth/callback?code=<unusable> falls back to /login?error=auth_code_error (485ms)
  ✓  44 [chromium] › tests/e2e/login.spec.ts:351:11 › Login Screen › Unauthenticated › Language selector keyboard navigation (ARIA APG) › [KB a1f8c2d1] ArrowDown on trigger opens menu and focuses first item (724ms)
  ✓  46 [chromium] › tests/e2e/login.spec.ts:401:11 › Login Screen › Unauthenticated › Language selector keyboard navigation (ARIA APG) › [KB f7b2a4e8] ArrowDown wraps from last to first item in menu (747ms)
  ✓  45 [chromium] › tests/e2e/login.spec.ts:376:11 › Login Screen › Unauthenticated › Language selector keyboard navigation (ARIA APG) › [KB c4e7d9f2] ArrowUp on trigger opens menu and focuses last item (778ms)
  ✓  47 [chromium] › tests/e2e/login.spec.ts:424:11 › Login Screen › Unauthenticated › Language selector keyboard navigation (ARIA APG) › [KB e3c9b1a5] ArrowUp wraps from first to last item in menu (729ms)
  ✓  49 [chromium] › tests/e2e/login.spec.ts:470:11 › Login Screen › Unauthenticated › Language selector keyboard navigation (ARIA APG) › [KB b8e2d7a4] End key jumps to last item in menu (603ms)
  ✓  50 [chromium] › tests/e2e/login.spec.ts:493:11 › Login Screen › Unauthenticated › Language selector keyboard navigation (ARIA APG) › [KB c5a9f2d3] Escape closes menu and returns focus to trigger (615ms)
  ✓  48 [chromium] › tests/e2e/login.spec.ts:447:11 › Login Screen › Unauthenticated › Language selector keyboard navigation (ARIA APG) › [KB d6f1c3b9] Home key jumps to first item in menu (670ms)
  ✓  51 [chromium] › tests/e2e/login.spec.ts:518:11 › Login Screen › Unauthenticated › Language selector keyboard navigation (ARIA APG) › [KB a2d8e6f1] Tab closes menu without returning focus to trigger (519ms)
  -  53 [chromium] › tests/e2e/login.spec.ts:582:9 › Login Screen › Supabase unavailable › [PERM002 fail-open] GET /login renders form even when Supabase is unreachable
  -  54 [chromium] › tests/e2e/login.spec.ts:610:9 › Login Screen › Supabase unavailable › [PERM003 fail-closed] GET /todo does not render todo content when Supabase is unreachable
  ✓  52 [chromium] › tests/e2e/login.spec.ts:543:11 › Login Screen › Unauthenticated › Language selector keyboard navigation (ARIA APG) › [REG 2026-09-05] Focus resets to first item on mouse open after keyboard navigation (386ms)
  ✓  55 [chromium] › tests/e2e/login.spec.ts:668:9 › Login Screen › Authenticated › [TC f62b0c97] Authenticated user redirects /login to / @auth (770ms)
  ✓  56 [chromium] › tests/e2e/login.spec.ts:677:9 › Login Screen › Authenticated › [TC e76aa170] /todo shows user email and logout button @auth (714ms)
  ✓  57 [chromium] › tests/e2e/login.spec.ts:689:9 › Login Screen › Authenticated › [US003, BL002 signOut] Click logout button, verify redirect to /login, re-check guard blocks /todo @auth (1.0s)

  2 skipped
  55 passed (17.7s)
