
> agentic-coding-hands-on@0.3.0 build /Users/dang.xuan.thang/Desktop/learnings/mock-project/agentic-coding-hands-on
> next build

▲ Next.js 16.3.4 (Turbopack)
- Environments: .env.local
✓ Running next.config.ts took 472ms

  Creating an optimized production build ...
✓ Compiled successfully in 2.6s
  Running TypeScript ...
  Finished TypeScript in 3.2s ...
  Collecting page data using 7 workers ...
  Generating static pages using 7 workers (0/7) ...
  Generating static pages using 7 workers (1/7) 
  Generating static pages using 7 workers (3/7) 
  Generating static pages using 7 workers (5/7) 
✓ Generating static pages using 7 workers (7/7) in 104ms
  Finalizing page optimization ...

Route (app)
┌ ƒ /
├ ƒ /_not-found
├ ƒ /auth/callback
├ ƒ /login
└ ƒ /todo


ƒ Proxy (Middleware)

ƒ  (Dynamic)  server-rendered on demand

