
Running 23 tests using 4 workers

  ✓   2 [chromium] › tests/e2e/login.spec.ts:81:9 › Login Screen › Unauthenticated › [TC 42b82364] Hero title and description text (1.1s)
  ✓   4 [chromium] › tests/e2e/login.spec.ts:40:9 › Login Screen › Unauthenticated › [TC 8415b629] Language selector top-right (1.1s)
  ✓   1 [chromium] › tests/e2e/login.spec.ts:26:9 › Login Screen › Unauthenticated › [TC b9805e65] Logo top-left position (1.1s)
  ✓   3 [chromium] › tests/e2e/login.spec.ts:54:9 › Login Screen › Unauthenticated › [TC 5fbe2a18] Hero artwork presence (1.2s)
  ✓   5 [chromium] › tests/e2e/login.spec.ts:89:9 › Login Screen › Unauthenticated › [TC 6ae76d15] LOGIN With Google button (730ms)
  ✓   6 [chromium] › tests/e2e/login.spec.ts:96:9 › Login Screen › Unauthenticated › [TC 33a1dacf] Footer fixed bottom position (831ms)
  ✓   8 [chromium] › tests/e2e/login.spec.ts:124:9 › Login Screen › Unauthenticated › [TC 45278c06] Error alert on /login?error=* (799ms)
  ✓   7 [chromium] › tests/e2e/login.spec.ts:106:9 › Login Screen › Unauthenticated › [TC 20d87e28] Language dropdown opens on click (966ms)
  ✓   9 [chromium] › tests/e2e/login.spec.ts:134:9 › Login Screen › Unauthenticated › [TC 45278c06] Unauthenticated GET /todo redirects to /login (639ms)
  ✓  10 [chromium] › tests/e2e/login.spec.ts:140:9 › Login Screen › Unauthenticated › [TC 45278c06] Unauthenticated GET / redirects to /login (749ms)
  ✓  12 [chromium] › tests/e2e/login.spec.ts:165:9 › Login Screen › Unauthenticated › [TC 37eae882] Button disabled during authentication (1.2s)
  ✓  11 [chromium] › tests/e2e/login.spec.ts:146:9 › Login Screen › Unauthenticated › [TC 60bc5bbb] Google button triggers OAuth flow (abort) (1.6s)
  ✓  13 [chromium] › tests/e2e/login.spec.ts:234:11 › Login Screen › Unauthenticated › Language selector keyboard navigation (ARIA APG) › [KB a1f8c2d1] ArrowDown on trigger opens menu and focuses first item (1.9s)
  ✓  14 [chromium] › tests/e2e/login.spec.ts:257:11 › Login Screen › Unauthenticated › Language selector keyboard navigation (ARIA APG) › [KB c4e7d9f2] ArrowUp on trigger opens menu and focuses last item (1.8s)
  ✓  15 [chromium] › tests/e2e/login.spec.ts:280:11 › Login Screen › Unauthenticated › Language selector keyboard navigation (ARIA APG) › [KB f7b2a4e8] ArrowDown wraps from last to first item in menu (1.4s)
  ✓  16 [chromium] › tests/e2e/login.spec.ts:301:11 › Login Screen › Unauthenticated › Language selector keyboard navigation (ARIA APG) › [KB e3c9b1a5] ArrowUp wraps from first to last item in menu (1.1s)
  ✓  17 [chromium] › tests/e2e/login.spec.ts:322:11 › Login Screen › Unauthenticated › Language selector keyboard navigation (ARIA APG) › [KB d6f1c3b9] Home key jumps to first item in menu (573ms)
  ✓  18 [chromium] › tests/e2e/login.spec.ts:343:11 › Login Screen › Unauthenticated › Language selector keyboard navigation (ARIA APG) › [KB b8e2d7a4] End key jumps to last item in menu (621ms)
  ✓  19 [chromium] › tests/e2e/login.spec.ts:364:11 › Login Screen › Unauthenticated › Language selector keyboard navigation (ARIA APG) › [KB c5a9f2d3] Escape closes menu and returns focus to trigger (622ms)
  ✓  20 [chromium] › tests/e2e/login.spec.ts:387:11 › Login Screen › Unauthenticated › Language selector keyboard navigation (ARIA APG) › [KB a2d8e6f1] Tab closes menu without returning focus to trigger (607ms)
  ✓  21 [chromium] › tests/e2e/login.spec.ts:410:11 › Login Screen › Unauthenticated › Language selector keyboard navigation (ARIA APG) › [REG 2026-09-05] Focus resets to first item on mouse open after keyboard navigation (606ms)
  ✓  23 [chromium] › tests/e2e/login.spec.ts:471:9 › Login Screen › Authenticated › [TC e76aa170] /todo shows user email and logout button (579ms)
  ✓  22 [chromium] › tests/e2e/login.spec.ts:465:9 › Login Screen › Authenticated › [TC f62b0c97] Authenticated user redirects /login to /todo (718ms)

  23 passed (7.2s)
